  15:25:27.234  RightRodAttachment  ▼  {
                    [1] = RodConstraintRight,
                    [2] = RodConstraint
                 }  -  Client
  15:25:27.241  RightRodAttachment  -  Client
  15:25:27.244  ------------------------------------------------------------  -  Client
  15:25:27.244  SteeringAttachment  ▼  {
                    [1] = SteeringRack
                 }  -  Client
  15:25:27.246  SteeringAttachment  -  Client
  15:25:27.252  ------------------------------------------------------------  -  Client
  15:25:27.253  LeftRodAttachment  ▼  {
                    [1] = RodConstraintLeft,
                    [2] = RodConstraint
                 }  -  Client
  15:25:27.256  LeftRodAttachment  -  Client
  15:25:27.258  ------------------------------------------------------------  -  Client
  15:25:27.259  Attachment  ▼  {
                    [1] = BackLeftTorque,
                    [2] = BackLeftHinge
                 }  -  Client
  15:25:27.260  Attachment  -  Client
  15:25:27.264  ------------------------------------------------------------  -  Client
  15:25:27.264  MotorAttachment  ▼  {
                    [1] = WheelRLMotor,
                    [2] = AntiRollBarRL,
                    [3] = WheelRLSuspension
                 }  -  Client
  15:25:27.268  MotorAttachment  -  Client
  15:25:27.271  ------------------------------------------------------------  -  Client
  15:25:27.271  SpringAttachment  ▼  {
                    [1] = WheelRLSuspension
                 }  -  Client
  15:25:27.274  SpringAttachment  -  Client
  15:25:27.280  ------------------------------------------------------------  -  Client
  15:25:27.281  MotorAttachment  ▼  {
                    [1] = WheelRLMotor
                 }  -  Client
  15:25:27.284  MotorAttachment  -  Client
  15:25:27.289  ------------------------------------------------------------  -  Client
  15:25:27.289  MotorAttachment  ▼  {
                    [1] = WheelFLMotor
                 }  -  Client
  15:25:27.292  MotorAttachment  -  Client
  15:25:27.296  ------------------------------------------------------------  -  Client
  15:25:27.297  SteeringAttachment  ▼  {
                    [1] = RodConstraintLeft
                 }  -  Client
  15:25:27.299  SteeringAttachment  -  Client
  15:25:27.305  ------------------------------------------------------------  -  Client
  15:25:27.305  HingeAttachment  ▼  {
                    [1] = HingeConstraint
                 }  -  Client
  15:25:27.308  HingeAttachment  -  Client
  15:25:27.312  ------------------------------------------------------------  -  Client
  15:25:27.312  MotorAttachment  ▼  {
                    [1] = AntiRollBarFL,
                    [2] = WheelFLSuspension,
                    [3] = WheelFLMotor
                 }  -  Client
  15:25:27.318  MotorAttachment  -  Client
  15:25:27.322  ------------------------------------------------------------  -  Client
  15:25:27.322  Attachment  ▼  {
                    [1] = FrontLeftTorque,
                    [2] = FrontLeftHinge
                 }  -  Client
  15:25:27.324  Attachment  -  Client
  15:25:27.327  ------------------------------------------------------------  -  Client
  15:25:27.328  HingeAttachment  ▼  {
                    [1] = HingeConstraint
                 }  -  Client
  15:25:27.330  HingeAttachment  -  Client
  15:25:27.334  ------------------------------------------------------------  -  Client
  15:25:27.334  SpringAttachment  ▼  {
                    [1] = WheelFLSuspension
                 }  -  Client
  15:25:27.339  SpringAttachment  -  Client
  15:25:27.344  ------------------------------------------------------------  -  Client
  15:25:27.344  MotorAttachment  ▼  {
                    [1] = WheelRRMotor,
                    [2] = AntiRollBarRR,
                    [3] = WheelRRSuspension
                 }  -  Client
  15:25:27.348  MotorAttachment  -  Client
  15:25:27.352  ------------------------------------------------------------  -  Client
  15:25:27.352  Attachment  ▼  {
                    [1] = BackRightHinge,
                    [2] = BackRightTorque
                 }  -  Client
  15:25:27.355  Attachment  -  Client
  15:25:27.358  ------------------------------------------------------------  -  Client
  15:25:27.358  SpringAttachment  ▼  {
                    [1] = WheelRRSuspension
                 }  -  Client
  15:25:27.361  SpringAttachment  -  Client
  15:25:27.375  ------------------------------------------------------------  -  Client
  15:25:27.375  MotorAttachment  ▼  {
                    [1] = WheelRRMotor
                 }  -  Client
  15:25:27.378  MotorAttachment  -  Client
  15:25:27.385  ------------------------------------------------------------  -  Client
  15:25:27.387  HingeAttachment  ▼  {
                    [1] = HingeConstraint
                 }  -  Client
  15:25:27.390  HingeAttachment  -  Client
  15:25:27.394  ------------------------------------------------------------  -  Client
  15:25:27.394  SpringAttachment  ▼  {
                    [1] = WheelFRSuspension
                 }  -  Client
  15:25:27.397  SpringAttachment  -  Client
  15:25:27.403  ------------------------------------------------------------  -  Client
  15:25:27.404  HingeAttachment  ▼  {
                    [1] = HingeConstraint
                 }  -  Client
  15:25:27.408  HingeAttachment  -  Client
  15:25:27.412  ------------------------------------------------------------  -  Client
  15:25:27.412  MotorAttachment  ▼  {
                    [1] = WheelFRMotor
                 }  -  Client
  15:25:27.417  MotorAttachment  -  Client
  15:25:27.421  ------------------------------------------------------------  -  Client
  15:25:27.422  SteeringAttachment  ▼  {
                    [1] = RodConstraintRight
                 }  -  Client
  15:25:27.425  SteeringAttachment  -  Client
  15:25:27.429  ------------------------------------------------------------  -  Client
  15:25:27.429  Attachment  ▼  {
                    [1] = FrontRightTorque,
                    [2] = FrontRightHinge
                 }  -  Client
  15:25:27.432  Attachment  -  Client
  15:25:27.436  ------------------------------------------------------------  -  Client
  15:25:27.437  MotorAttachment  ▼  {
                    [1] = WheelFRMotor,
                    [2] = AntiRollBarFR,
                    [3] = WheelFRSuspension
                 }  -  Client
  15:25:27.441  MotorAttachment  -  Client
  15:25:27.445  ------------------------------------------------------------  -  Client
  15:25:27.445  FrontRightSparks {}  -  Client
  15:25:27.445  FrontRightSparks  -  Client
  15:25:27.453  ATT WITN NO CONSTRAINT FOUNR ON Workspace.Cart.Chassis.  -  Client
  15:25:27.453  ------------------------------------------------------------  -  Client
  15:25:27.453  LeftNitroEmitterAttachment {}  -  Client
  15:25:27.454  LeftNitroEmitterAttachment  -  Client
  15:25:27.458  ATT WITN NO CONSTRAINT FOUNR ON Workspace.Cart.Chassis.  -  Client
  15:25:27.458  ------------------------------------------------------------  -  Client
  15:25:27.458  FlipperAttachment  ▼  {
                    [1] = RedressOrientation
                 }  -  Client
  15:25:27.463  FlipperAttachment  -  Client
  15:25:27.468  ------------------------------------------------------------  -  Client
  15:25:27.468  RightNitroEmitterAttachment {}  -  Client
  15:25:27.469  RightNitroEmitterAttachment  -  Client
  15:25:27.472  ATT WITN NO CONSTRAINT FOUNR ON Workspace.Cart.Chassis.  -  Client
  15:25:27.472  ------------------------------------------------------------  -  Client
  15:25:27.473  AntiRollAttachmentf  ▼  {
                    [1] = HingeConstraint
                 }  -  Client
  15:25:27.477  AntiRollAttachmentf  -  Client
  15:25:27.481  ------------------------------------------------------------  -  Client
  15:25:27.482  DrivePromptAttachment {}  -  Client
  15:25:27.483  DrivePromptAttachment  -  Client
  15:25:27.486  ATT WITN NO CONSTRAINT FOUNR ON Workspace.Cart.Chassis.  -  Client
  15:25:27.486  ------------------------------------------------------------  -  Client
  15:25:27.486  FrontLeftSparks {}  -  Client
  15:25:27.487  FrontLeftSparks  -  Client
  15:25:27.490  ATT WITN NO CONSTRAINT FOUNR ON Workspace.Cart.Chassis.  -  Client
  15:25:27.490  ------------------------------------------------------------  -  Client
  15:25:27.490  SteeringAttachment  ▼  {
                    [1] = SteeringRack
                 }  -  Client
  15:25:27.494  SteeringAttachment  -  Client
  15:25:27.497  ------------------------------------------------------------  -  Client
  15:25:27.497  InteriorCameraAttachment {}  -  Client
  15:25:27.497  InteriorCameraAttachment  -  Client
  15:25:27.502  ATT WITN NO CONSTRAINT FOUNR ON Workspace.Cart.Chassis.  -  Client
  15:25:27.502  ------------------------------------------------------------  -  Client
  15:25:27.503  HoodCameraAttachment {}  -  Client
  15:25:27.504  HoodCameraAttachment  -  Client
  15:25:27.510  ATT WITN NO CONSTRAINT FOUNR ON Workspace.Cart.Chassis.  -  Client
  15:25:27.510  ------------------------------------------------------------  -  Client
  15:25:27.510  AntiRollAttachmentr  ▼  {
                    [1] = HingeConstraint
                 }  -  Client
  15:25:27.514  AntiRollAttachmentr  -  Client
  15:25:27.519  ------------------------------------------------------------  -  Client
  15:25:27.519  NitroAttachment  ▼  {
                    [1] = NitroVelocity
                 }  -  Client
  15:25:27.524  NitroAttachment  -  Client
  15:25:27.527  ------------------------------------------------------------  -  Client
  15:25:27.527  LeftSpringAttachment  ▼  {
                    [1] = AntiRollBarFL,
                    [2] = AntiRollBarFR
                 }  -  Client
  15:25:27.530  LeftSpringAttachment  -  Client
  15:25:27.536  ------------------------------------------------------------  -  Client
  15:25:27.537  RightSpringAttachment {}  -  Client
  15:25:27.537  RightSpringAttachment  -  Client
  15:25:27.541  ATT WITN NO CONSTRAINT FOUNR ON Workspace.Cart.AntiRollBarF.  -  Client
  15:25:27.541  ------------------------------------------------------------  -  Client
  15:25:27.542  AntiRollAttachment  ▼  {
                    [1] = HingeConstraint
                 }  -  Client
  15:25:27.545  AntiRollAttachment  -  Client
  15:25:27.550  ------------------------------------------------------------  -  Client
  15:25:27.550  LeftSpringAttachment  ▼  {
                    [1] = AntiRollBarRL,
                    [2] = AntiRollBarRR
                 }  -  Client
  15:25:27.555  LeftSpringAttachment  -  Client
  15:25:27.558  ------------------------------------------------------------  -  Client
  15:25:27.558  RightSpringAttachment {}  -  Client
  15:25:27.558  RightSpringAttachment  -  Client
  15:25:27.562  ATT WITN NO CONSTRAINT FOUNR ON Workspace.Cart.AntiRollBarR.  -  Client
  15:25:27.563  ------------------------------------------------------------  -  Client
  15:25:27.563  AntiRollAttachment  ▼  {
                    [1] = HingeConstraint
                 }  -  Client
  15:25:27.567  AntiRollAttachment  -  Client
  15:25:27.573  ------------------------------------------------------------  -  Client