  10:06:44.609  RightRodAttachment  ▼  {
                    [1] = RodConstraint
                 }  -  Server - Main:65
  10:06:44.611  RightRodAttachment  -  Server - Main:66
  10:06:44.614  ------------------------------------------------------------  -  Server - Main:68
  10:06:44.615  SteeringAttachment  ▼  {
                    [1] = SteeringRack
                 }  -  Server - Main:65
  10:06:44.617  SteeringAttachment  -  Server - Main:66
  10:06:44.620  ------------------------------------------------------------  -  Server - Main:68
  10:06:44.620  LeftRodAttachment  ▼  {
                    [1] = RodConstraint
                 }  -  Server - Main:65
  10:06:44.622  LeftRodAttachment  -  Server - Main:66
  10:06:44.625  ------------------------------------------------------------  -  Server - Main:68
  10:06:44.625  DrivePromptAttachment {}  -  Server - Main:65
  10:06:44.625  DrivePromptAttachment  -  Server - Main:66
  10:06:44.628  ------------------------------------------------------------  -  Server - Main:68
  10:06:44.628  FrontLeftSparks {}  -  Server - Main:65
  10:06:44.628  FrontLeftSparks  -  Server - Main:66
  10:06:44.630  ------------------------------------------------------------  -  Server - Main:68
  10:06:44.631  SteeringAttachment  ▼  {
                    [1] = SteeringRack
                 }  -  Server - Main:65
  10:06:44.633  SteeringAttachment  -  Server - Main:66
  10:06:44.636  ------------------------------------------------------------  -  Server - Main:68
  10:06:44.636  RightNitroEmitterAttachment {}  -  Server - Main:65
  10:06:44.636  RightNitroEmitterAttachment  -  Server - Main:66
  10:06:44.639  ------------------------------------------------------------  -  Server - Main:68
  10:06:44.639  FlipperAttachment  ▼  {
                    [1] = RedressOrientation
                 }  -  Server - Main:65
  10:06:44.642  FlipperAttachment  -  Server - Main:66
  10:06:44.644  ------------------------------------------------------------  -  Server - Main:68
  10:06:44.645  FrontRightSparks {}  -  Server - Main:65
  10:06:44.645  FrontRightSparks  -  Server - Main:66
  10:06:44.648  ------------------------------------------------------------  -  Server - Main:68
  10:06:44.648  LeftNitroEmitterAttachment {}  -  Server - Main:65
  10:06:44.648  LeftNitroEmitterAttachment  -  Server - Main:66
  10:06:44.651  ------------------------------------------------------------  -  Server - Main:68
  10:06:44.651  HoodCameraAttachment {}  -  Server - Main:65
  10:06:44.652  HoodCameraAttachment  -  Server - Main:66
  10:06:44.655  ------------------------------------------------------------  -  Server - Main:68
  10:06:44.656  InteriorCameraAttachment {}  -  Server - Main:65
  10:06:44.656  InteriorCameraAttachment  -  Server - Main:66
  10:06:44.658  ------------------------------------------------------------  -  Server - Main:68
  10:06:44.659  NitroAttachment  ▼  {
                    [1] = NitroVelocity
                 }  -  Server - Main:65
  10:06:44.661  NitroAttachment  -  Server - Main:66
  10:06:44.664  ------------------------------------------------------------  -  Server - Main:68
  10:06:44.664  AntiRollAttachment {}  -  Server - Main:65
  10:06:44.664  AntiRollAttachment  -  Server - Main:66
  10:06:44.667  ------------------------------------------------------------  -  Server - Main:68
  10:06:44.667  RightSpringAttachment {}  -  Server - Main:65
  10:06:44.668  RightSpringAttachment  -  Server - Main:66
  10:06:44.670  ------------------------------------------------------------  -  Server - Main:68
  10:06:44.670  LeftSpringAttachment  ▼  {
                    [1] = AntiRollBarFL,
                    [2] = AntiRollBarFR
                 }  -  Server - Main:65
  10:06:44.673  LeftSpringAttachment  -  Server - Main:66
  10:06:44.675  ------------------------------------------------------------  -  Server - Main:68
  10:06:44.675  AntiRollAttachment {}  -  Server - Main:65
  10:06:44.676  AntiRollAttachment  -  Server - Main:66
  10:06:44.678  ------------------------------------------------------------  -  Server - Main:68
  10:06:44.679  RightSpringAttachment {}  -  Server - Main:65
  10:06:44.679  RightSpringAttachment  -  Server - Main:66
  10:06:44.682  ------------------------------------------------------------  -  Server - Main:68
  10:06:44.682  LeftSpringAttachment  ▼  {
                    [1] = AntiRollBarRL,
                    [2] = AntiRollBarRR
                 }  -  Server - Main:65
  10:06:44.684  LeftSpringAttachment  -  Server - Main:66
  10:06:44.687  ------------------------------------------------------------  -  Server - Main:68
  10:06:44.687  HingeAttachment {}  -  Server - Main:65
  10:06:44.687  HingeAttachment  -  Server - Main:66
  10:06:44.690  ------------------------------------------------------------  -  Server - Main:68
  10:06:44.690  SpringAttachment  ▼  {
                    [1] = WheelFLSuspension
                 }  -  Server - Main:65
  10:06:44.692  SpringAttachment  -  Server - Main:66
  10:06:44.695  ------------------------------------------------------------  -  Server - Main:68
  10:06:44.695  Attachment  ▼  {
                    [1] = FrontLeftHinge,
                    [2] = FrontLeftTorque
                 }  -  Server - Main:65
  10:06:44.697  Attachment  -  Server - Main:66
  10:06:44.699  ------------------------------------------------------------  -  Server - Main:68
  10:06:44.699  MotorAttachment  ▼  {
                    [1] = WheelFLSuspension,
                    [2] = AntiRollBarFL,
                    [3] = WheelFLMotor
                 }  -  Server - Main:65
  10:06:44.702  MotorAttachment  -  Server - Main:66
  10:06:44.704  ------------------------------------------------------------  -  Server - Main:68
  10:06:44.704  SteeringAttachment {}  -  Server - Main:65
  10:06:44.705  SteeringAttachment  -  Server - Main:66
  10:06:44.707  ------------------------------------------------------------  -  Server - Main:68
  10:06:44.707  HingeAttachment {}  -  Server - Main:65
  10:06:44.708  HingeAttachment  -  Server - Main:66
  10:06:44.710  ------------------------------------------------------------  -  Server - Main:68
  10:06:44.710  MotorAttachment  ▼  {
                    [1] = WheelFLMotor
                 }  -  Server - Main:65
  10:06:44.713  MotorAttachment  -  Server - Main:66
  10:06:44.715  ------------------------------------------------------------  -  Server - Main:68
  10:06:44.715  Attachment  ▼  {
                    [1] = FrontRightHinge,
                    [2] = FrontRightTorque
                 }  -  Server - Main:65
  10:06:44.717  Attachment  -  Server - Main:66
  10:06:44.719  ------------------------------------------------------------  -  Server - Main:68
  10:06:44.720  MotorAttachment  ▼  {
                    [1] = WheelFRSuspension,
                    [2] = AntiRollBarFR,
                    [3] = WheelFRMotor
                 }  -  Server - Main:65
  10:06:44.722  MotorAttachment  -  Server - Main:66
  10:06:44.724  ------------------------------------------------------------  -  Server - Main:68
  10:06:44.724  HingeAttachment {}  -  Server - Main:65
  10:06:44.725  HingeAttachment  -  Server - Main:66
  10:06:44.727  ------------------------------------------------------------  -  Server - Main:68
  10:06:44.727  SpringAttachment  ▼  {
                    [1] = WheelFRSuspension
                 }  -  Server - Main:65
  10:06:44.729  SpringAttachment  -  Server - Main:66
  10:06:44.731  ------------------------------------------------------------  -  Server - Main:68
  10:06:44.732  SteeringAttachment {}  -  Server - Main:65
  10:06:44.732  SteeringAttachment  -  Server - Main:66
  10:06:44.735  ------------------------------------------------------------  -  Server - Main:68
  10:06:44.735  MotorAttachment  ▼  {
                    [1] = WheelFRMotor
                 }  -  Server - Main:65
  10:06:44.737  MotorAttachment  -  Server - Main:66
  10:06:44.740  ------------------------------------------------------------  -  Server - Main:68
  10:06:44.740  HingeAttachment {}  -  Server - Main:65
  10:06:44.740  HingeAttachment  -  Server - Main:66
  10:06:44.742  ------------------------------------------------------------  -  Server - Main:68
  10:06:44.743  Attachment  ▼  {
                    [1] = BackRightHinge,
                    [2] = BackRightTorque
                 }  -  Server - Main:65
  10:06:44.745  Attachment  -  Server - Main:66
  10:06:44.747  ------------------------------------------------------------  -  Server - Main:68
  10:06:44.747  MotorAttachment  ▼  {
                    [1] = WheelRRSuspension,
                    [2] = AntiRollBarRR,
                    [3] = WheelRRMotor
                 }  -  Server - Main:65
  10:06:44.749  MotorAttachment  -  Server - Main:66
  10:06:44.752  ------------------------------------------------------------  -  Server - Main:68
  10:06:44.752  SteeringAttachment {}  -  Server - Main:65
  10:06:44.752  SteeringAttachment  -  Server - Main:66
  10:06:44.755  ------------------------------------------------------------  -  Server - Main:68
  10:06:44.755  HingeAttachment {}  -  Server - Main:65
  10:06:44.755  HingeAttachment  -  Server - Main:66
  10:06:44.757  ------------------------------------------------------------  -  Server - Main:68
  10:06:44.758  MotorAttachment {}  -  Server - Main:65
  10:06:44.758  MotorAttachment  -  Server - Main:66
  10:06:44.760  ------------------------------------------------------------  -  Server - Main:68
  10:06:44.760  HingeAttachment {}  -  Server - Main:65
  10:06:44.761  HingeAttachment  -  Server - Main:66
  10:06:44.763  ------------------------------------------------------------  -  Server - Main:68
  10:06:44.763  SpringAttachment  ▼  {
                    [1] = WheelRRSuspension
                 }  -  Server - Main:65
  10:06:44.765  SpringAttachment  -  Server - Main:66
  10:06:44.768  ------------------------------------------------------------  -  Server - Main:68
  10:06:44.768  MotorAttachment  ▼  {
                    [1] = WheelRRMotor
                 }  -  Server - Main:65
  10:06:44.770  MotorAttachment  -  Server - Main:66
  10:06:44.772  ------------------------------------------------------------  -  Server - Main:68
  10:06:44.773  SteeringAttachment {}  -  Server - Main:65
  10:06:44.773  SteeringAttachment  -  Server - Main:66
  10:06:44.776  ------------------------------------------------------------  -  Server - Main:68
  10:06:44.776  MotorAttachment {}  -  Server - Main:65
  10:06:44.776  MotorAttachment  -  Server - Main:66
  10:06:44.778  ------------------------------------------------------------  -  Server - Main:68
  10:06:44.779  HingeAttachment {}  -  Server - Main:65
  10:06:44.779  HingeAttachment  -  Server - Main:66
  10:06:44.781  ------------------------------------------------------------  -  Server - Main:68
  10:06:44.781  Attachment  ▼  {
                    [1] = BackLeftHinge,
                    [2] = BackLeftTorque
                 }  -  Server - Main:65
  10:06:44.783  Attachment  -  Server - Main:66
  10:06:44.785  ------------------------------------------------------------  -  Server - Main:68
  10:06:44.786  MotorAttachment  ▼  {
                    [1] = WheelRLSuspension,
                    [2] = AntiRollBarRL,
                    [3] = WheelRLMotor
                 }  -  Server - Main:65
  10:06:44.788  MotorAttachment  -  Server - Main:66
  10:06:44.791  ------------------------------------------------------------  -  Server - Main:68
  10:06:44.791  SpringAttachment  ▼  {
                    [1] = WheelRLSuspension
                 }  -  Server - Main:65
  10:06:44.794  SpringAttachment  -  Server - Main:66
  10:06:44.797  ------------------------------------------------------------  -  Server - Main:68
  10:06:44.797  HingeAttachment {}  -  Server - Main:65
  10:06:44.798  HingeAttachment  -  Server - Main:66
  10:06:44.801  ------------------------------------------------------------  -  Server - Main:68
  10:06:44.801  MotorAttachment  ▼  {
                    [1] = WheelRLMotor
                 }  -  Server - Main:65
  10:06:44.804  MotorAttachment  -  Server - Main:66